// Jest Snapshot v1, https://goo.gl/fbAQLP

exports[`OrderProductList tests renders OrderProductList 1`] = `
<div
  style={
    Object {
      "maxHeight": "70vh",
      "overflowY": "scroll",
    }
  }
>
  <div
    className="ant-card ant-card-bordered"
  >
    <div
      className="ant-card-body"
      style={Object {}}
    >
      <div>
        <p>
          Description: 
          Screwdriver
        </p>
        <p>
          Category: 
          1
        </p>
        <p>
          Price: 
          €9.75
        </p>
      </div>
      <h3>
        Quantity: 
        2
      </h3>
      <h3>
        Subtotal: 
        €19.50
      </h3>
      <form
        onSubmit={[Function]}
      >
        <div
          className="ant-input-number"
          onMouseEnter={undefined}
          onMouseLeave={undefined}
          onMouseOut={undefined}
          onMouseOver={undefined}
          style={Object {}}
        >
          <div
            className="ant-input-number-handler-wrap"
          >
            <span
              aria-disabled={false}
              aria-label="Increase Value"
              className="ant-input-number-handler ant-input-number-handler-up "
              onMouseDown={[Function]}
              onMouseLeave={[Function]}
              onMouseUp={[Function]}
              onTouchCancel={[Function]}
              onTouchEnd={[Function]}
              onTouchMove={[Function]}
              onTouchStart={[Function]}
              role="button"
              unselectable="unselectable"
            >
              <i
                className="anticon anticon-up ant-input-number-handler-up-inner"
              >
                <svg
                  aria-hidden="true"
                  className=""
                  data-icon="up"
                  fill="currentColor"
                  height="1em"
                  onClick={undefined}
                  style={undefined}
                  viewBox="64 64 896 896"
                  width="1em"
                >
                  <path
                    d="M890.5 755.3L537.9 269.2c-12.8-17.6-39-17.6-51.7 0L133.5 755.3A8 8 0 0 0 140 768h75c5.1 0 9.9-2.5 12.9-6.6L512 369.8l284.1 391.6c3 4.1 7.8 6.6 12.9 6.6h75c6.5 0 10.3-7.4 6.5-12.7z"
                  />
                </svg>
              </i>
            </span>
            <span
              aria-disabled={true}
              aria-label="Decrease Value"
              className="ant-input-number-handler ant-input-number-handler-down ant-input-number-handler-down-disabled"
              onMouseDown={[Function]}
              onMouseLeave={[Function]}
              onMouseUp={[Function]}
              role="button"
              unselectable="unselectable"
            >
              <i
                className="anticon anticon-down ant-input-number-handler-down-inner"
              >
                <svg
                  aria-hidden="true"
                  className=""
                  data-icon="down"
                  fill="currentColor"
                  height="1em"
                  onClick={undefined}
                  style={undefined}
                  viewBox="64 64 896 896"
                  width="1em"
                >
                  <path
                    d="M884 256h-75c-5.1 0-9.9 2.5-12.9 6.6L512 654.2 227.9 262.6c-3-4.1-7.8-6.6-12.9-6.6h-75c-6.5 0-10.3 7.4-6.5 12.7l352.6 486.1c12.8 17.6 39 17.6 51.7 0l352.6-486.1c3.9-5.3.1-12.7-6.4-12.7z"
                  />
                </svg>
              </i>
            </span>
          </div>
          <div
            aria-valuemax={2}
            aria-valuemin={1}
            aria-valuenow={1}
            className="ant-input-number-input-wrap"
            role="spinbutton"
          >
            <input
              autoComplete="off"
              autoFocus={undefined}
              className="ant-input-number-input"
              disabled={undefined}
              id={undefined}
              max={2}
              maxLength={undefined}
              min={1}
              name="removeQuantity"
              onBlur={[Function]}
              onChange={[Function]}
              onClick={undefined}
              onFocus={[Function]}
              onKeyDown={[Function]}
              onKeyUp={[Function]}
              onMouseUp={[Function]}
              pattern={undefined}
              placeholder={undefined}
              readOnly={undefined}
              required={false}
              step={1}
              tabIndex={undefined}
              type={undefined}
              value="1"
            />
          </div>
        </div>
        <button
          className="ant-btn ant-btn-default"
          onClick={[Function]}
          type="submit"
        >
          <span>
            Remove product(s)
          </span>
        </button>
      </form>
    </div>
  </div>
  <div
    className="ant-card ant-card-bordered"
  >
    <div
      className="ant-card-body"
      style={Object {}}
    >
      <div>
        <p>
          Description: 
          Electric screwdriver
        </p>
        <p>
          Category: 
          1
        </p>
        <p>
          Price: 
          €49.50
        </p>
      </div>
      <h3>
        Quantity: 
        1
      </h3>
      <h3>
        Subtotal: 
        €49.50
      </h3>
      <form
        onSubmit={[Function]}
      >
        <div
          className="ant-input-number"
          onMouseEnter={undefined}
          onMouseLeave={undefined}
          onMouseOut={undefined}
          onMouseOver={undefined}
          style={Object {}}
        >
          <div
            className="ant-input-number-handler-wrap"
          >
            <span
              aria-disabled={true}
              aria-label="Increase Value"
              className="ant-input-number-handler ant-input-number-handler-up ant-input-number-handler-up-disabled"
              onMouseDown={[Function]}
              onMouseLeave={[Function]}
              onMouseUp={[Function]}
              role="button"
              unselectable="unselectable"
            >
              <i
                className="anticon anticon-up ant-input-number-handler-up-inner"
              >
                <svg
                  aria-hidden="true"
                  className=""
                  data-icon="up"
                  fill="currentColor"
                  height="1em"
                  onClick={undefined}
                  style={undefined}
                  viewBox="64 64 896 896"
                  width="1em"
                >
                  <path
                    d="M890.5 755.3L537.9 269.2c-12.8-17.6-39-17.6-51.7 0L133.5 755.3A8 8 0 0 0 140 768h75c5.1 0 9.9-2.5 12.9-6.6L512 369.8l284.1 391.6c3 4.1 7.8 6.6 12.9 6.6h75c6.5 0 10.3-7.4 6.5-12.7z"
                  />
                </svg>
              </i>
            </span>
            <span
              aria-disabled={true}
              aria-label="Decrease Value"
              className="ant-input-number-handler ant-input-number-handler-down ant-input-number-handler-down-disabled"
              onMouseDown={[Function]}
              onMouseLeave={[Function]}
              onMouseUp={[Function]}
              role="button"
              unselectable="unselectable"
            >
              <i
                className="anticon anticon-down ant-input-number-handler-down-inner"
              >
                <svg
                  aria-hidden="true"
                  className=""
                  data-icon="down"
                  fill="currentColor"
                  height="1em"
                  onClick={undefined}
                  style={undefined}
                  viewBox="64 64 896 896"
                  width="1em"
                >
                  <path
                    d="M884 256h-75c-5.1 0-9.9 2.5-12.9 6.6L512 654.2 227.9 262.6c-3-4.1-7.8-6.6-12.9-6.6h-75c-6.5 0-10.3 7.4-6.5 12.7l352.6 486.1c12.8 17.6 39 17.6 51.7 0l352.6-486.1c3.9-5.3.1-12.7-6.4-12.7z"
                  />
                </svg>
              </i>
            </span>
          </div>
          <div
            aria-valuemax={1}
            aria-valuemin={1}
            aria-valuenow={1}
            className="ant-input-number-input-wrap"
            role="spinbutton"
          >
            <input
              autoComplete="off"
              autoFocus={undefined}
              className="ant-input-number-input"
              disabled={undefined}
              id={undefined}
              max={1}
              maxLength={undefined}
              min={1}
              name="removeQuantity"
              onBlur={[Function]}
              onChange={[Function]}
              onClick={undefined}
              onFocus={[Function]}
              onKeyDown={[Function]}
              onKeyUp={[Function]}
              onMouseUp={[Function]}
              pattern={undefined}
              placeholder={undefined}
              readOnly={undefined}
              required={false}
              step={1}
              tabIndex={undefined}
              type={undefined}
              value="1"
            />
          </div>
        </div>
        <button
          className="ant-btn ant-btn-default"
          onClick={[Function]}
          type="submit"
        >
          <span>
            Remove product(s)
          </span>
        </button>
      </form>
    </div>
  </div>
</div>
`;
